V3 20
FL C:/hlocal/vhd/cd.vhd 2018/01/14.00:36:34 P.20131013
FL C:/hlocal/vhd/multi_it.vhd 2018/01/15.09:02:04 P.20131013
FL C:/hlocal/vhd/mult_ieee754.vhd 2018/01/15.08:36:12 P.20131013
FL C:/hlocal/vhd/uc.vhd 2018/01/14.19:27:54 P.20131013
FL C:/Users/BorjaAday/Desktop/iselocal/vhd/cd.vhd 2018/01/14.00:36:34 P.20131013
EN work/cd 1516383973 FL C:/Users/BorjaAday/Desktop/iselocal/vhd/cd.vhd \
      PB ieee/std_logic_1164 1335251622 PB ieee/NUMERIC_STD 1335251627
AR work/cd/Behavioral 1516383974 \
      FL C:/Users/BorjaAday/Desktop/iselocal/vhd/cd.vhd EN work/cd 1516383973 \
      CP multi_it
FL C:/Users/BorjaAday/Desktop/iselocal/vhd/multi_it.vhd 2018/01/17.00:22:48 P.20131013
EN work/multi_it 1516383971 \
      FL C:/Users/BorjaAday/Desktop/iselocal/vhd/multi_it.vhd \
      PB ieee/std_logic_1164 1335251622 PB ieee/NUMERIC_STD 1335251627
AR work/multi_it/Behavioral 1516383972 \
      FL C:/Users/BorjaAday/Desktop/iselocal/vhd/multi_it.vhd EN work/multi_it 1516383971
FL C:/Users/BorjaAday/Desktop/iselocal/vhd/mult_ieee754.vhd 2018/01/15.08:36:12 P.20131013
EN work/mult_ieee754 1516383977 \
      FL C:/Users/BorjaAday/Desktop/iselocal/vhd/mult_ieee754.vhd \
      PB ieee/std_logic_1164 1335251622
AR work/mult_ieee754/struct 1516383978 \
      FL C:/Users/BorjaAday/Desktop/iselocal/vhd/mult_ieee754.vhd \
      EN work/mult_ieee754 1516383977 CP cd CP uc
FL C:/Users/BorjaAday/Desktop/iselocal/vhd/uc.vhd 2018/01/17.00:12:40 P.20131013
EN work/uc 1516383975 FL C:/Users/BorjaAday/Desktop/iselocal/vhd/uc.vhd \
      PB ieee/std_logic_1164 1335251622
AR work/uc/Behavioral 1516383976 \
      FL C:/Users/BorjaAday/Desktop/iselocal/vhd/uc.vhd EN work/uc 1516383975
